False
../../Benchmark/2024/benchmarks/kissat/.*300.*.log matched 0
Traceback (most recent call last):
  File "/scratch/s568zhan/kissat_reset/./RemoteScripts/draw_cactus.py", line 127, in <module>
    wrapped_plot("300")
  File "/scratch/s568zhan/kissat_reset/./RemoteScripts/draw_cactus.py", line 125, in wrapped_plot
    GetDataAndPlot(kissat_log_path, tag, use_cache_flag)
  File "/scratch/s568zhan/kissat_reset/./RemoteScripts/draw_cactus.py", line 72, in GetDataAndPlot
    data,map,par2 = GetData(LogPath, tag, use_cache_flag)
  File "/scratch/s568zhan/kissat_reset/./RemoteScripts/draw_cactus.py", line 52, in GetData
    with open(cache_name, "w") as file:
FileNotFoundError: [Errno 2] No such file or directory: '../../Benchmark/2024/benchmarks/kissat//300.solverCache.json'
